NBLIGNESMAX= 20
NBCOLONNESMAX= 20
L'ajoute de l'agent(Agriculteur en position: (4, 1)) réussi!
L'ajoute de l'agent(Lapin en position: (1, 3)) réussi!
La plantation d'arbre réussi!
La plantation d'arbre réussi!
:--------------:--------------:--------------:--------------:--------------:--------------:
|              |              |              |              |              |              |
:--------------:--------------:--------------:--------------:--------------:--------------:
|              |              |              |              |              |              |
:--------------:--------------:--------------:--------------:--------------:--------------:
|              |              |Arbre         |              |              |              |
:--------------:--------------:--------------:--------------:--------------:--------------:
|              |              |Arbre         |              |              |              |
:--------------:--------------:--------------:--------------:--------------:--------------:
|              |              |              |              |              |              |
:--------------:--------------:--------------:--------------:--------------:--------------:
|              |              |              |              |              |              |
:--------------:--------------:--------------:--------------:--------------:--------------:

#################### Nous commençons notre simulation ######################

Le chien ne se promène plus: il a faim!
============== Les ressources se transforment ==============
:--------------:--------------:--------------:--------------:--------------:--------------:
|              |              |              |              |              |              |
:--------------:--------------:--------------:--------------:--------------:--------------:
|              |              |Bourgeon      |              |              |              |
:--------------:--------------:--------------:--------------:--------------:--------------:
|              |              |Arbre         |              |              |              |
:--------------:--------------:--------------:--------------:--------------:--------------:
|              |              |Arbre         |Bourgeon      |              |              |
:--------------:--------------:--------------:--------------:--------------:--------------:
|              |              |              |              |              |              |
:--------------:--------------:--------------:--------------:--------------:--------------:
|              |              |              |              |              |              |
:--------------:--------------:--------------:--------------:--------------:--------------:

Le chien ne se promène plus: il a faim!
============== Les ressources se transforment ==============
:--------------:--------------:--------------:--------------:--------------:--------------:
|              |              |              |              |              |              |
:--------------:--------------:--------------:--------------:--------------:--------------:
|              |              |Fleur         |              |              |              |
:--------------:--------------:--------------:--------------:--------------:--------------:
|              |              |Arbre         |Bourgeon      |              |              |
:--------------:--------------:--------------:--------------:--------------:--------------:
|              |              |Arbre         |Fleur         |              |              |
:--------------:--------------:--------------:--------------:--------------:--------------:
|              |              |Bourgeon      |              |              |              |
:--------------:--------------:--------------:--------------:--------------:--------------:
|              |              |              |              |              |              |
:--------------:--------------:--------------:--------------:--------------:--------------:

Le chien ne se promène plus: il a faim!
============== Les ressources se transforment ==============
:--------------:--------------:--------------:--------------:--------------:--------------:
|              |              |              |              |              |              |
:--------------:--------------:--------------:--------------:--------------:--------------:
|              |              |Pomme         |              |              |              |
:--------------:--------------:--------------:--------------:--------------:--------------:
|              |Bourgeon      |Arbre         |Fleur         |              |              |
:--------------:--------------:--------------:--------------:--------------:--------------:
|              |Bourgeon      |Arbre         |Pomme         |              |              |
:--------------:--------------:--------------:--------------:--------------:--------------:
|              |              |Fleur         |              |              |              |
:--------------:--------------:--------------:--------------:--------------:--------------:
|              |              |              |              |              |              |
:--------------:--------------:--------------:--------------:--------------:--------------:

Arraylist de lst_pommes: 
Pomme[id:8 quantite: 3]  en position (1, 2)
Pomme[id:12 quantite: 3]  en position (3, 3)

Agriculteur va recolter les pommes.
Recoltation réussi!
Recoltation réussi!

Transport réussi!
___________ Agriculter a transproté les pommes à home.

Arraylist de lst_pommes: 
Pommes_recoltés[id:14 quantite: 6]  en position (0, 0)
L'agriculteur a vidé le panier.
:--------------:--------------:--------------:--------------:--------------:--------------:
|Pommes_recolté|              |              |              |              |              |
:--------------:--------------:--------------:--------------:--------------:--------------:
|              |              |              |              |              |              |
:--------------:--------------:--------------:--------------:--------------:--------------:
|              |Bourgeon      |Arbre         |Fleur         |              |              |
:--------------:--------------:--------------:--------------:--------------:--------------:
|              |Bourgeon      |Arbre         |              |              |              |
:--------------:--------------:--------------:--------------:--------------:--------------:
|              |              |Fleur         |              |              |              |
:--------------:--------------:--------------:--------------:--------------:--------------:
|              |              |              |              |              |              |
:--------------:--------------:--------------:--------------:--------------:--------------:

Le chien ne se promène plus: il a faim!
Le chien ne se promène plus: il a faim!
Le chien ne se promène plus: il a faim!
Le chien ne se promène plus: il a faim!
Miam miam miam...
Lapin a réussi à manger!
___________ Lapin a mangé les pommes.

Arraylist de lst_pommes: 
:--------------:--------------:--------------:--------------:--------------:--------------:
|              |              |              |              |              |              |
:--------------:--------------:--------------:--------------:--------------:--------------:
|              |              |              |              |              |              |
:--------------:--------------:--------------:--------------:--------------:--------------:
|              |Bourgeon      |Arbre         |Fleur         |              |              |
:--------------:--------------:--------------:--------------:--------------:--------------:
|              |Bourgeon      |Arbre         |              |              |              |
:--------------:--------------:--------------:--------------:--------------:--------------:
|              |              |Fleur         |              |              |              |
:--------------:--------------:--------------:--------------:--------------:--------------:
|              |              |              |              |              |              |
:--------------:--------------:--------------:--------------:--------------:--------------:

============== Les ressources se transforment ==============
:--------------:--------------:--------------:--------------:--------------:--------------:
|              |              |              |              |              |              |
:--------------:--------------:--------------:--------------:--------------:--------------:
|              |              |Bourgeon      |              |              |              |
:--------------:--------------:--------------:--------------:--------------:--------------:
|              |Fleur         |Arbre         |Pomme         |              |              |
:--------------:--------------:--------------:--------------:--------------:--------------:
|              |Fleur         |Arbre         |Bourgeon      |              |              |
:--------------:--------------:--------------:--------------:--------------:--------------:
|              |              |Pomme         |              |              |              |
:--------------:--------------:--------------:--------------:--------------:--------------:
|              |              |              |              |              |              |
:--------------:--------------:--------------:--------------:--------------:--------------:

Arraylist de lst_pommes: 
Pomme[id:17 quantite: 3]  en position (2, 3)
Pomme[id:20 quantite: 3]  en position (4, 2)

Agriculteur va recolter les pommes.
Recoltation réussi!
Recoltation réussi!

Transport réussi!
___________ Agriculter a transproté les pommes à home.

Arraylist de lst_pommes: 
Pommes_recoltés[id:21 quantite: 6]  en position (0, 0)
L'agriculteur a vidé le panier.
:--------------:--------------:--------------:--------------:--------------:--------------:
|Pommes_recolté|              |              |              |              |              |
:--------------:--------------:--------------:--------------:--------------:--------------:
|              |              |Bourgeon      |              |              |              |
:--------------:--------------:--------------:--------------:--------------:--------------:
|              |Fleur         |Arbre         |              |              |              |
:--------------:--------------:--------------:--------------:--------------:--------------:
|              |Fleur         |Arbre         |Bourgeon      |              |              |
:--------------:--------------:--------------:--------------:--------------:--------------:
|              |              |              |              |              |              |
:--------------:--------------:--------------:--------------:--------------:--------------:
|              |              |              |              |              |              |
:--------------:--------------:--------------:--------------:--------------:--------------:

Lapin ne mange pas: il n'a pas encore faim.
Arraylist de lst_pommes: 
Pommes_recoltés[id:21 quantite: 6]  en position (0, 0)
:--------------:--------------:--------------:--------------:--------------:--------------:
|Pommes_recolté|              |              |              |              |              |
:--------------:--------------:--------------:--------------:--------------:--------------:
|              |              |Bourgeon      |              |              |              |
:--------------:--------------:--------------:--------------:--------------:--------------:
|              |Fleur         |Arbre         |              |              |              |
:--------------:--------------:--------------:--------------:--------------:--------------:
|              |Fleur         |Arbre         |Bourgeon      |              |              |
:--------------:--------------:--------------:--------------:--------------:--------------:
|              |              |              |              |              |              |
:--------------:--------------:--------------:--------------:--------------:--------------:
|              |              |              |              |              |              |
:--------------:--------------:--------------:--------------:--------------:--------------:

============== Les ressources se transforment ==============
:--------------:--------------:--------------:--------------:--------------:--------------:
|Pommes_recolté|              |              |              |              |              |
:--------------:--------------:--------------:--------------:--------------:--------------:
|              |              |Fleur         |              |              |              |
:--------------:--------------:--------------:--------------:--------------:--------------:
|              |Pomme         |Arbre         |Bourgeon      |              |              |
:--------------:--------------:--------------:--------------:--------------:--------------:
|              |Pomme         |Arbre         |Fleur         |              |              |
:--------------:--------------:--------------:--------------:--------------:--------------:
|              |              |Bourgeon      |              |              |              |
:--------------:--------------:--------------:--------------:--------------:--------------:
|              |              |              |              |              |              |
:--------------:--------------:--------------:--------------:--------------:--------------:

Arraylist de lst_pommes: 
Pommes_recoltés[id:21 quantite: 6]  en position (0, 0)
Pomme[id:23 quantite: 3]  en position (2, 1)
Pomme[id:25 quantite: 3]  en position (3, 1)

Agriculteur va recolter les pommes.
Le deplacement de Agriculteur en position: (3, 1)) incorrect: la case (3,1) est occupé par un autre agent.
Recoltation réussi!
Recoltation réussi!

Transport réussi!
___________ Agriculter a transproté les pommes à home.

Arraylist de lst_pommes: 
Pommes_recoltés[id:21 quantite: 10]  en position (0, 0)
Il y reste 2 pommes dans le panier.
:--------------:--------------:--------------:--------------:--------------:--------------:
|Pommes_recolté|              |              |              |              |              |
:--------------:--------------:--------------:--------------:--------------:--------------:
|              |              |Fleur         |              |              |              |
:--------------:--------------:--------------:--------------:--------------:--------------:
|              |              |Arbre         |Bourgeon      |              |              |
:--------------:--------------:--------------:--------------:--------------:--------------:
|              |              |Arbre         |Fleur         |              |              |
:--------------:--------------:--------------:--------------:--------------:--------------:
|              |              |Bourgeon      |              |              |              |
:--------------:--------------:--------------:--------------:--------------:--------------:
|              |              |              |              |              |              |
:--------------:--------------:--------------:--------------:--------------:--------------:

Le chien ne se promène plus: il a faim!
Le chien ne se promène plus: il a faim!
Le chien ne se promène plus: il a faim!
Le chien ne se promène plus: il a faim!
Miam miam miam...
Lapin a réussi à manger!
___________ Lapin a mangé les pommes.

Arraylist de lst_pommes: 
:--------------:--------------:--------------:--------------:--------------:--------------:
|              |              |              |              |              |              |
:--------------:--------------:--------------:--------------:--------------:--------------:
|              |              |Fleur         |              |              |              |
:--------------:--------------:--------------:--------------:--------------:--------------:
|              |              |Arbre         |Bourgeon      |              |              |
:--------------:--------------:--------------:--------------:--------------:--------------:
|              |              |Arbre         |Fleur         |              |              |
:--------------:--------------:--------------:--------------:--------------:--------------:
|              |              |Bourgeon      |              |              |              |
:--------------:--------------:--------------:--------------:--------------:--------------:
|              |              |              |              |              |              |
:--------------:--------------:--------------:--------------:--------------:--------------:

Le deplacement de Agriculteur en position: (0, 4)) incorrect: la case (0,0) est occupé par un autre agent.
Transport incorrect: il y a les autres agents dans le home.
Il y reste 2 pommes dans le panier.
:--------------:--------------:--------------:--------------:--------------:--------------:
|              |              |              |              |              |              |
:--------------:--------------:--------------:--------------:--------------:--------------:
|              |              |Fleur         |              |              |              |
:--------------:--------------:--------------:--------------:--------------:--------------:
|              |              |Arbre         |Bourgeon      |              |              |
:--------------:--------------:--------------:--------------:--------------:--------------:
|              |              |Arbre         |Fleur         |              |              |
:--------------:--------------:--------------:--------------:--------------:--------------:
|              |              |Bourgeon      |              |              |              |
:--------------:--------------:--------------:--------------:--------------:--------------:
|              |              |              |              |              |              |
:--------------:--------------:--------------:--------------:--------------:--------------:

Lapin ne peut pas manger: il n'y a de pommes dans le home.
Arraylist de lst_pommes: 
:--------------:--------------:--------------:--------------:--------------:--------------:
|              |              |              |              |              |              |
:--------------:--------------:--------------:--------------:--------------:--------------:
|              |              |Fleur         |              |              |              |
:--------------:--------------:--------------:--------------:--------------:--------------:
|              |              |Arbre         |Bourgeon      |              |              |
:--------------:--------------:--------------:--------------:--------------:--------------:
|              |              |Arbre         |Fleur         |              |              |
:--------------:--------------:--------------:--------------:--------------:--------------:
|              |              |Bourgeon      |              |              |              |
:--------------:--------------:--------------:--------------:--------------:--------------:
|              |              |              |              |              |              |
:--------------:--------------:--------------:--------------:--------------:--------------:

Transport réussi!
___________ Agriculter a transproté les pommes à home.

L'agriculteur a vidé le panier.
:--------------:--------------:--------------:--------------:--------------:--------------:
|Pommes_recolté|              |              |              |              |              |
:--------------:--------------:--------------:--------------:--------------:--------------:
|              |              |Fleur         |              |              |              |
:--------------:--------------:--------------:--------------:--------------:--------------:
|              |              |Arbre         |Bourgeon      |              |              |
:--------------:--------------:--------------:--------------:--------------:--------------:
|              |              |Arbre         |Fleur         |              |              |
:--------------:--------------:--------------:--------------:--------------:--------------:
|              |              |Bourgeon      |              |              |              |
:--------------:--------------:--------------:--------------:--------------:--------------:
|              |              |              |              |              |              |
:--------------:--------------:--------------:--------------:--------------:--------------:

Le deplacement de Agriculteur en position: (0, 0)) incorrect: la case (1,0) est occupé par un autre agent.
Lapin ne mange pas: il n'a pas encore faim.
Arraylist de lst_pommes: 
Pommes_recoltés[id:28 quantite: 2]  en position (0, 0)
:--------------:--------------:--------------:--------------:--------------:--------------:
|Pommes_recolté|              |              |              |              |              |
:--------------:--------------:--------------:--------------:--------------:--------------:
|              |              |Fleur         |              |              |              |
:--------------:--------------:--------------:--------------:--------------:--------------:
|              |              |Arbre         |Bourgeon      |              |              |
:--------------:--------------:--------------:--------------:--------------:--------------:
|              |              |Arbre         |Fleur         |              |              |
:--------------:--------------:--------------:--------------:--------------:--------------:
|              |              |Bourgeon      |              |              |              |
:--------------:--------------:--------------:--------------:--------------:--------------:
|              |              |              |              |              |              |
:--------------:--------------:--------------:--------------:--------------:--------------:

============== Les ressources se transforment ==============
Production d'arbre incorrect: il ne peut plus produire de pommes.
Production d'arbre incorrect: il ne peut plus produire de pommes.
:--------------:--------------:--------------:--------------:--------------:--------------:
|Pommes_recolté|              |              |              |              |              |
:--------------:--------------:--------------:--------------:--------------:--------------:
|              |              |Pomme         |              |              |              |
:--------------:--------------:--------------:--------------:--------------:--------------:
|              |              |Arbre         |Fleur         |              |              |
:--------------:--------------:--------------:--------------:--------------:--------------:
|              |              |Arbre         |Pomme         |              |              |
:--------------:--------------:--------------:--------------:--------------:--------------:
|              |              |Fleur         |              |              |              |
:--------------:--------------:--------------:--------------:--------------:--------------:
|              |              |              |              |              |              |
:--------------:--------------:--------------:--------------:--------------:--------------:

Arraylist de lst_pommes: 
Pommes_recoltés[id:28 quantite: 2]  en position (0, 0)
Pomme[id:29 quantite: 3]  en position (1, 2)
Pomme[id:31 quantite: 3]  en position (3, 3)

Agriculteur va recolter les pommes.
Recoltation réussi!
Recoltation réussi!

Transport réussi!
___________ Agriculter a transproté les pommes à home.

Arraylist de lst_pommes: 
Pommes_recoltés[id:28 quantite: 8]  en position (0, 0)
L'agriculteur a vidé le panier.
:--------------:--------------:--------------:--------------:--------------:--------------:
|Pommes_recolté|              |              |              |              |              |
:--------------:--------------:--------------:--------------:--------------:--------------:
|              |              |              |              |              |              |
:--------------:--------------:--------------:--------------:--------------:--------------:
|              |              |Arbre         |Fleur         |              |              |
:--------------:--------------:--------------:--------------:--------------:--------------:
|              |              |Arbre         |              |              |              |
:--------------:--------------:--------------:--------------:--------------:--------------:
|              |              |Fleur         |              |              |              |
:--------------:--------------:--------------:--------------:--------------:--------------:
|              |              |              |              |              |              |
:--------------:--------------:--------------:--------------:--------------:--------------:

Lapin ne mange pas: il n'a pas encore faim.
Arraylist de lst_pommes: 
Pommes_recoltés[id:28 quantite: 8]  en position (0, 0)
:--------------:--------------:--------------:--------------:--------------:--------------:
|Pommes_recolté|              |              |              |              |              |
:--------------:--------------:--------------:--------------:--------------:--------------:
|              |              |              |              |              |              |
:--------------:--------------:--------------:--------------:--------------:--------------:
|              |              |Arbre         |Fleur         |              |              |
:--------------:--------------:--------------:--------------:--------------:--------------:
|              |              |Arbre         |              |              |              |
:--------------:--------------:--------------:--------------:--------------:--------------:
|              |              |Fleur         |              |              |              |
:--------------:--------------:--------------:--------------:--------------:--------------:
|              |              |              |              |              |              |
:--------------:--------------:--------------:--------------:--------------:--------------:

============== Les ressources se transforment ==============
Production d'arbre incorrect: il ne peut plus produire de pommes.
Production d'arbre incorrect: il ne peut plus produire de pommes.
:--------------:--------------:--------------:--------------:--------------:--------------:
|Pommes_recolté|              |              |              |              |              |
:--------------:--------------:--------------:--------------:--------------:--------------:
|              |              |              |              |              |              |
:--------------:--------------:--------------:--------------:--------------:--------------:
|              |              |Arbre         |Pomme         |              |              |
:--------------:--------------:--------------:--------------:--------------:--------------:
|              |              |Arbre         |              |              |              |
:--------------:--------------:--------------:--------------:--------------:--------------:
|              |              |Pomme         |              |              |              |
:--------------:--------------:--------------:--------------:--------------:--------------:
|              |              |              |              |              |              |
:--------------:--------------:--------------:--------------:--------------:--------------:

Arraylist de lst_pommes: 
Pommes_recoltés[id:28 quantite: 8]  en position (0, 0)
Pomme[id:33 quantite: 1]  en position (2, 3)
Pomme[id:34 quantite: 1]  en position (4, 2)

Agriculteur va recolter les pommes.
Recoltation réussi!
Recoltation réussi!

Transport réussi!
___________ Agriculter a transproté les pommes à home.

Arraylist de lst_pommes: 
Pommes_recoltés[id:28 quantite: 10]  en position (0, 0)
L'agriculteur a vidé le panier.
:--------------:--------------:--------------:--------------:--------------:--------------:
|Pommes_recolté|              |              |              |              |              |
:--------------:--------------:--------------:--------------:--------------:--------------:
|              |              |              |              |              |              |
:--------------:--------------:--------------:--------------:--------------:--------------:
|              |              |Arbre         |              |              |              |
:--------------:--------------:--------------:--------------:--------------:--------------:
|              |              |Arbre         |              |              |              |
:--------------:--------------:--------------:--------------:--------------:--------------:
|              |              |              |              |              |              |
:--------------:--------------:--------------:--------------:--------------:--------------:
|              |              |              |              |              |              |
:--------------:--------------:--------------:--------------:--------------:--------------:

Le chien ne se promène plus: il a faim!
Le chien ne se promène plus: il a faim!
Le chien ne se promène plus: il a faim!
Miam miam miam...
Lapin a réussi à manger!
___________ Lapin a mangé les pommes.

Arraylist de lst_pommes: 
:--------------:--------------:--------------:--------------:--------------:--------------:
|              |              |              |              |              |              |
:--------------:--------------:--------------:--------------:--------------:--------------:
|              |              |              |              |              |              |
:--------------:--------------:--------------:--------------:--------------:--------------:
|              |              |Arbre         |              |              |              |
:--------------:--------------:--------------:--------------:--------------:--------------:
|              |              |Arbre         |              |              |              |
:--------------:--------------:--------------:--------------:--------------:--------------:
|              |              |              |              |              |              |
:--------------:--------------:--------------:--------------:--------------:--------------:
|              |              |              |              |              |              |
:--------------:--------------:--------------:--------------:--------------:--------------:

################## C'est fini #######################
